Signers:
	Signer's issuer DN: CN=GnuTLS Test CA
	Signer's serial: 4de0b4ca
	Signature Algorithm: RSA-SHA256
	Signed Attributes:
		1.2.840.113549.1.9.15: 306a300b060960864801650304012a300b0609608648016503040116300b0609608648016503040102300a06082a864886f70d0307300e06082a864886f70d030202020080300d06082a864886f70d0302020140300706052b0e030207300d06082a864886f70d0302020128
		1.2.840.113549.1.9.4: 0420ca23e4b39a242dcece33fc776b6c9195595700f92201de19426d2d505576210f
		1.2.840.113549.1.9.5: 170d3135303630313139323232325a
		1.2.840.113549.1.9.3: 06092a864886f70d010701

Number of certificates: 2

-----BEGIN CERTIFICATE-----
MIIDtDCCAmygAwIBAgIETeC0yjANBgkqhkiG9w0BAQsFADAZMRcwFQYDVQQDEw5H
bnVUTFMgVGVzdCBDQTAeFw0xMTA1MjgwODM5MzlaFw0zODEwMTIwODM5NDBaMC8x
LTArBgNVBAMTJEdudVRMUyBUZXN0IFNlcnZlciAoUlNBIGNlcnRpZmljYXRlKTCC
AVIwDQYJKoZIhvcNAQEBBQADggE/ADCCAToCggExALRrJ5glr8H/HsqwfvTYvO1D
hmdUXdq0HsKQX4M8AhH8E3KFsoikZUELdl8jvoqf/nlLczsux0s8vxbJl1U1F/Oh
ckswwuAnlBLzVgDmzoJLEV2kHpv6+rkbKk0Ytbql5gzHqKihbaqIhNyWDrJsHDWq
58eUPfnVx8KiDUuzbnr3CF/FCc0Vkxr3mN8qTGaJJO0f0BZjgWWlWDuhzSVim5mB
VAgXGOx8LwiiOyhXMp0XRwqG+2KxQZnm+96o6iB+8xvuuuqaIWQpkvKtc+UZBZ03
U+IRnxhfIrriiw0AjJ4vp4c9QL5KoqWSCAwuYcBYfJqZ4dasgzklzz4b7eujbZ3L
xTjewcdumzQUvjA+gpAeuUqaduTvMwxGojFy9sNhC/iqZ4n0peV2N6Epn4B5qnUC
AwEAAaOBjTCBijAMBgNVHRMBAf8EAjAAMBQGA1UdEQQNMAuCCWxvY2FsaG9zdDAT
BgNVHSUEDDAKBggrBgEFBQcDATAPBgNVHQ8BAf8EBQMDB6AAMB0GA1UdDgQWBBR2
B1hM6rUp9S2ABoyDSoINCeyT3jAfBgNVHSMEGDAWgBRNVrdqAFjxZ5L0pnVVG45T
AQPvzzANBgkqhkiG9w0BAQsFAAOCATEAdNWmTsh5uIfngyhOWwm7pK2+vgUMY8nH
gMoMFHt0yuxuImcUMXu3LRS1dZSoCJACBpTFGi/Dg2U0qvOHQcEmc3OwNqHB90R3
LG5jUSCtq/bYW7h/6Gd9KeWCgZczaHbQ9IPTjLH1dLswVPt+fXKB6Eh0ggSrGATE
/wRZT/XgDCW8t4C+2+TmJ8ZEzvU87KAPQ9rUBS1+p3EUAR/FfMApApsEig1IZ+ZD
5joaGBW7zh1H0B9mEKidRvD7yuRJyzAcvD25nT15NLW0QR3dEeXosLc720xxJl1h
h8NJ7YOvn323mOjR9er4i4D6iJlXmJ8tvN9vakCankWvBzb7plFn2sfMQqICFpRc
w075D8hdQxfpGffL2tEeKSgjyNHXS7x3dFhUpN3IQjUi2x4f2e/ZXg==
-----END CERTIFICATE-----

-----BEGIN CERTIFICATE-----
MIIDtDCCAmygAwIBAgIETeC0yjANBgkqhkiG9w0BAQsFADAZMRcwFQYDVQQDEw5H
bnVUTFMgVGVzdCBDQTAeFw0xMTA1MjgwODM5MzlaFw0zODEwMTIwODM5NDBaMC8x
LTArBgNVBAMTJEdudVRMUyBUZXN0IFNlcnZlciAoUlNBIGNlcnRpZmljYXRlKTCC
AVIwDQYJKoZIhvcNAQEBBQADggE/ADCCAToCggExALRrJ5glr8H/HsqwfvTYvO1D
hmdUXdq0HsKQX4M8AhH8E3KFsoikZUELdl8jvoqf/nlLczsux0s8vxbJl1U1F/Oh
ckswwuAnlBLzVgDmzoJLEV2kHpv6+rkbKk0Ytbql5gzHqKihbaqIhNyWDrJsHDWq
58eUPfnVx8KiDUuzbnr3CF/FCc0Vkxr3mN8qTGaJJO0f0BZjgWWlWDuhzSVim5mB
VAgXGOx8LwiiOyhXMp0XRwqG+2KxQZnm+96o6iB+8xvuuuqaIWQpkvKtc+UZBZ03
U+IRnxhfIrriiw0AjJ4vp4c9QL5KoqWSCAwuYcBYfJqZ4dasgzklzz4b7eujbZ3L
xTjewcdumzQUvjA+gpAeuUqaduTvMwxGojFy9sNhC/iqZ4n0peV2N6Epn4B5qnUC
AwEAAaOBjTCBijAMBgNVHRMBAf8EAjAAMBQGA1UdEQQNMAuCCWxvY2FsaG9zdDAT
BgNVHSUEDDAKBggrBgEFBQcDATAPBgNVHQ8BAf8EBQMDB6AAMB0GA1UdDgQWBBR2
B1hM6rUp9S2ABoyDSoINCeyT3jAfBgNVHSMEGDAWgBRNVrdqAFjxZ5L0pnVVG45T
AQPvzzANBgkqhkiG9w0BAQsFAAOCATEAdNWmTsh5uIfngyhOWwm7pK2+vgUMY8nH
gMoMFHt0yuxuImcUMXu3LRS1dZSoCJACBpTFGi/Dg2U0qvOHQcEmc3OwNqHB90R3
LG5jUSCtq/bYW7h/6Gd9KeWCgZczaHbQ9IPTjLH1dLswVPt+fXKB6Eh0ggSrGATE
/wRZT/XgDCW8t4C+2+TmJ8ZEzvU87KAPQ9rUBS1+p3EUAR/FfMApApsEig1IZ+ZD
5joaGBW7zh1H0B9mEKidRvD7yuRJyzAcvD25nT15NLW0QR3dEeXosLc720xxJl1h
h8NJ7YOvn323mOjR9er4i4D6iJlXmJ8tvN9vakCankWvBzb7plFn2sfMQqICFpRc
w075D8hdQxfpGffL2tEeKSgjyNHXS7x3dFhUpN3IQjUi2x4f2e/ZXg==
-----END CERTIFICATE-----

-----BEGIN PKCS7-----
MIIKLQYJKoZIhvcNAQcCoIIKHjCCChoCAQExDzANBglghkgBZQMEAgEFADApBgkq
hkiG9w0BBwGgHAQaSGVsbG8gdGhlcmUuIEhvdyBhcmUgeW91PwqgggdwMIIDtDCC
AmygAwIBAgIETeC0yjANBgkqhkiG9w0BAQsFADAZMRcwFQYDVQQDEw5HbnVUTFMg
VGVzdCBDQTAeFw0xMTA1MjgwODM5MzlaFw0zODEwMTIwODM5NDBaMC8xLTArBgNV
BAMTJEdudVRMUyBUZXN0IFNlcnZlciAoUlNBIGNlcnRpZmljYXRlKTCCAVIwDQYJ
KoZIhvcNAQEBBQADggE/ADCCAToCggExALRrJ5glr8H/HsqwfvTYvO1DhmdUXdq0
HsKQX4M8AhH8E3KFsoikZUELdl8jvoqf/nlLczsux0s8vxbJl1U1F/OhckswwuAn
lBLzVgDmzoJLEV2kHpv6+rkbKk0Ytbql5gzHqKihbaqIhNyWDrJsHDWq58eUPfnV
x8KiDUuzbnr3CF/FCc0Vkxr3mN8qTGaJJO0f0BZjgWWlWDuhzSVim5mBVAgXGOx8
LwiiOyhXMp0XRwqG+2KxQZnm+96o6iB+8xvuuuqaIWQpkvKtc+UZBZ03U+IRnxhf
Irriiw0AjJ4vp4c9QL5KoqWSCAwuYcBYfJqZ4dasgzklzz4b7eujbZ3LxTjewcdu
mzQUvjA+gpAeuUqaduTvMwxGojFy9sNhC/iqZ4n0peV2N6Epn4B5qnUCAwEAAaOB
jTCBijAMBgNVHRMBAf8EAjAAMBQGA1UdEQQNMAuCCWxvY2FsaG9zdDATBgNVHSUE
DDAKBggrBgEFBQcDATAPBgNVHQ8BAf8EBQMDB6AAMB0GA1UdDgQWBBR2B1hM6rUp
9S2ABoyDSoINCeyT3jAfBgNVHSMEGDAWgBRNVrdqAFjxZ5L0pnVVG45TAQPvzzAN
BgkqhkiG9w0BAQsFAAOCATEAdNWmTsh5uIfngyhOWwm7pK2+vgUMY8nHgMoMFHt0
yuxuImcUMXu3LRS1dZSoCJACBpTFGi/Dg2U0qvOHQcEmc3OwNqHB90R3LG5jUSCt
q/bYW7h/6Gd9KeWCgZczaHbQ9IPTjLH1dLswVPt+fXKB6Eh0ggSrGATE/wRZT/Xg
DCW8t4C+2+TmJ8ZEzvU87KAPQ9rUBS1+p3EUAR/FfMApApsEig1IZ+ZD5joaGBW7
zh1H0B9mEKidRvD7yuRJyzAcvD25nT15NLW0QR3dEeXosLc720xxJl1hh8NJ7YOv
n323mOjR9er4i4D6iJlXmJ8tvN9vakCankWvBzb7plFn2sfMQqICFpRcw075D8hd
QxfpGffL2tEeKSgjyNHXS7x3dFhUpN3IQjUi2x4f2e/ZXjCCA7QwggJsoAMCAQIC
BE3gtMowDQYJKoZIhvcNAQELBQAwGTEXMBUGA1UEAxMOR251VExTIFRlc3QgQ0Ew
HhcNMTEwNTI4MDgzOTM5WhcNMzgxMDEyMDgzOTQwWjAvMS0wKwYDVQQDEyRHbnVU
TFMgVGVzdCBTZXJ2ZXIgKFJTQSBjZXJ0aWZpY2F0ZSkwggFSMA0GCSqGSIb3DQEB
AQUAA4IBPwAwggE6AoIBMQC0ayeYJa/B/x7KsH702LztQ4ZnVF3atB7CkF+DPAIR
/BNyhbKIpGVBC3ZfI76Kn/55S3M7LsdLPL8WyZdVNRfzoXJLMMLgJ5QS81YA5s6C
SxFdpB6b+vq5GypNGLW6peYMx6iooW2qiITclg6ybBw1qufHlD351cfCog1Ls256
9whfxQnNFZMa95jfKkxmiSTtH9AWY4FlpVg7oc0lYpuZgVQIFxjsfC8IojsoVzKd
F0cKhvtisUGZ5vveqOogfvMb7rrqmiFkKZLyrXPlGQWdN1PiEZ8YXyK64osNAIye
L6eHPUC+SqKlkggMLmHAWHyameHWrIM5Jc8+G+3ro22dy8U43sHHbps0FL4wPoKQ
HrlKmnbk7zMMRqIxcvbDYQv4qmeJ9KXldjehKZ+Aeap1AgMBAAGjgY0wgYowDAYD
VR0TAQH/BAIwADAUBgNVHREEDTALgglsb2NhbGhvc3QwEwYDVR0lBAwwCgYIKwYB
BQUHAwEwDwYDVR0PAQH/BAUDAwegADAdBgNVHQ4EFgQUdgdYTOq1KfUtgAaMg0qC
DQnsk94wHwYDVR0jBBgwFoAUTVa3agBY8WeS9KZ1VRuOUwED788wDQYJKoZIhvcN
AQELBQADggExAHTVpk7IebiH54MoTlsJu6Stvr4FDGPJx4DKDBR7dMrsbiJnFDF7
ty0UtXWUqAiQAgaUxRovw4NlNKrzh0HBJnNzsDahwfdEdyxuY1Egrav22Fu4f+hn
fSnlgoGXM2h20PSD04yx9XS7MFT7fn1ygehIdIIEqxgExP8EWU/14AwlvLeAvtvk
5ifGRM71POygD0Pa1AUtfqdxFAEfxXzAKQKbBIoNSGfmQ+Y6GhgVu84dR9AfZhCo
nUbw+8rkScswHLw9uZ09eTS1tEEd3RHl6LC3O9tMcSZdYYfDSe2Dr599t5jo0fXq
+IuA+oiZV5ifLbzfb2pAmp5Frwc2+6ZRZ9rHzEKiAhaUXMNO+Q/IXUMX6Rn3y9rR
HikoI8jR10u8d3RYVKTdyEI1ItseH9nv2V4xggJjMIICXwIBATAhMBkxFzAVBgNV
BAMTDkdudVRMUyBUZXN0IENBAgRN4LTKMA0GCWCGSAFlAwQCAQUAoIHkMBgGCSqG
SIb3DQEJAzELBgkqhkiG9w0BBwEwHAYJKoZIhvcNAQkFMQ8XDTE1MDYwMTE5MjIy
MlowLwYJKoZIhvcNAQkEMSIEIMoj5LOaJC3OzjP8d2tskZVZVwD5IgHeGUJtLVBV
diEPMHkGCSqGSIb3DQEJDzFsMGowCwYJYIZIAWUDBAEqMAsGCWCGSAFlAwQBFjAL
BglghkgBZQMEAQIwCgYIKoZIhvcNAwcwDgYIKoZIhvcNAwICAgCAMA0GCCqGSIb3
DQMCAgFAMAcGBSsOAwIHMA0GCCqGSIb3DQMCAgEoMA0GCSqGSIb3DQEBAQUABIIB
MBFc74+qXESkg7uaLnUjZFD3pBZcIM+iCbU83wJtexP6wS5QelqUlrlWvHT1edU1
ygPs3hiidfyFy3uiQ8yIg3FSPHrBPA88HRkMYtlWRYjzGumEdBroDzfqmfLtOJLr
qDq7sAuh6GB/hNq8QbRe2mdPpUTp8ZGczmyBYadZqDX3LfLLPsIen8Nf0vfd1wDT
dqaj2jrW3czhNC0MEBmFGLUCvcxPmDDpub+QIxfU07mOUemNlCwtzqAWMbDOSC85
S8OGwa59bgHIY/1emx4vK0O31afqhc1zhrZI9ZiTUbdklVxiea6VbQei/CwJEMbU
44xl3JEHplOxryZwsd0dT41H+9fVzq2ERetl8cd+4vnPSAh4dMqlh6eXVnVik9pS
7bCle+3/mD8ytj5fCFtxm2E=
-----END PKCS7-----
