MAC info:
	MAC: SHA1 (1.3.14.3.2.26)
	Salt: 15abd4aae92cfbb3
	Salt size: 8
	Iteration count: 2048

BAG #0
	Type: Encrypted
	Schema: unsupported (1.2.840.113549.1.5.13)

	Decrypting...

BAG #1
	Elements: 1
	Type: PKCS #8 Encrypted key
PKCS #8 information:
	Schema: unsupported (1.2.840.113549.1.5.13/1.2.840.113549.3.2)
	Friendly name: localhost
	Key ID: E3:76:B4:62:05:2B:2F:D4:B9:12:5B:B0:EA:E0:4F:10:C8:C0:C5:B0
-----BEGIN ENCRYPTED PRIVATE KEY-----
MIIFFjBIBgkqhkiG9w0BBQ0wOzAeBgkqhkiG9w0BBQwwEQQIdEQTzibS3T4CAggA
AgEQMBkGCCqGSIb3DQMCMA0CAToECIsUAMlY1UYWBIIEyL3UIAopSHJrUxiQECqc
LgvJS44aldUGZqdY/DalYH4O15IjMsYKPlfi7Nk0sAR7svlojH/LGq4oZ0jvmzJr
RjbNrKOheKb716qXvTg8KA5hlEALMB5+P1N040VYo+cB2lrPGuoAgfEDz9XHgZ9e
cVUrFRW+mzKogL6B/KrIBQ7cFXYPJAlvueRuGMByFgi/Mb4CK7yj8wTAwofHHKST
uMLNKxfopn8VkcWky2xPS/7s90ZfT+qZITae/g08a7fMWG94nbrD1dvnZkvR+tjK
9nggB/p7bugqe4sztsQ4+oNyA9LNH7WTLjYWFZ+pNBghAxDqtCWK4VN7kMwMYj8U
36zJ46eZiMw+zQuU//jA5Y/heT+/HV2oF7teqK2qbtafjyxMhXW8yl1NlTVTTpoO
VqbgUfm0dMH6NoYbAVZOab3mm/ZcIpGV9iUm457vASdi3H5KrkETiBoWXLFYfn73
cp8WpeDuCG/4TzXy+oeyLjq03KHyRX5uBAYbGIhGiAjtpaB+p07XQRSxS38NO8/4
8pYHfux3CLU5o3DfjkIsTP/YTTjrpzvF8oT+VKfCw3U2Da3R4zZpGEcDeMhaGhcF
W0N6AFJVNhFRJgmj8GH7hh5zFf83Ir15RhRowX03QkL5LPTLhw73bjjIMA59EQxS
KI2u4QwnbjnPc0XQqwuAYAlnIwKWtpMIl8oeAIj0kM0D1IqehG3ZdPqOdXCeKqrC
dX2KJHzsVCHInvtKvnFglFEFdKAIktbchjdJEZQkflTF71W0xfqTG/Ubj1ammMpA
erfKfdIFjK6Q8JWCZrhXwU+vQ+xocyWr5yuTxLelLj+cGCu4x+AorH5H5+v9PWRG
jiMrfwTyR9c5fdgpyTNvYLpRerNnz/l8oVb0snSA4d3BBvXx75H+O5M96k6E6XPa
gWtamTjxadqGZ4chw/QB2dGxz4fBgfBQ0osHKLT3PO/XHbs4EBdODCwa1m92//fw
7d0SUx+PYAksZ/6e7j226KQAdMmAifmo0uJj8y3brq3rocrMlHAkeK3FCyRSDwuH
16ozDlOaQP1Le7Sn9PX3Puv182silzuazrl6EchujVm7hKiYwxPTsCqSb+es1Q+l
oKpAmHJJcLIjSZU9SKXP2JkRVZBt7IHUFiu9QjEkE52rj/Y8okylHlOig11S8BAF
uiPpcENMsValy++IbCD8HDZOKM4jqaReAw0uiFGqk10DXWXCQpKBgs7J0B/QBCzE
cCqQGFaUlPe+SPg9xNBoP7CNPgfOpIs3Y0BJ1xOpilLVz8h8aJ6xvlzlUE92zM1x
nucPQzEb6k3doIWKUzQ9G9TESvJ5vBU58NVfB1SIy/eq7TnUsp96PGQf7u/aWoMM
8C/zZatcQ3PyYgMeuOjsWMpyLEECzi/zMsjbnknxZNm+cqUm2C+b1ZPD2AtWuz5u
m1azJNv73RdEB+eoc5yNCtm2qFnO7Givr4bfwU5bRfh+atyoNDUpY/pGQtj9UJ6+
XPvobYe2HqIYKwkDOpP9wX7ClCiPoOlt7VKMuBJQy/1JFC6DRA7oBYmcZbZxw2uo
j/dC2cK5jsPC75a5+8HqySwQGlBGxlMOeyi/pKzSdWOdZ9NEshvTje/mnme3Hx05
JWamOc7reYsFpA==
-----END ENCRYPTED PRIVATE KEY-----
