-----BEGIN PKCS7-----
MIIO0gYJKoZIhvcNAQcCoIIOwzCCDr8CAQExADALBgkqhkiG9w0BBwWggg6nMIIB
+jCCAaGgAwIBAgIETd4LiTAKBggqhkjOPQQDAjB9MQswCQYDVQQGEwJCRTEPMA0G
A1UEChMGR251VExTMSUwIwYDVQQLExxHbnVUTFMgY2VydGlmaWNhdGUgYXV0aG9y
aXR5MQ8wDQYDVQQIEwZMZXV2ZW4xJTAjBgNVBAMTHEdudVRMUyBjZXJ0aWZpY2F0
ZSBhdXRob3JpdHkwHhcNMTEwNTI2MDgxMjU4WhcNMTIxMjI0MTkxNjI5WjAhMQsw
CQYDVQQGEwJCRTESMBAGA1UEAxMJbG9jYWxob3N0ME4wEAYHKoZIzj0CAQYFK4EE
ACEDOgAEajvYx+4zlK+ML3N97kxGydOZ09wqD7YwOvRqLEt6lYUymIwd7RpGEjz2
W69GUXtw8vMbZmULNjyjdjB0MAwGA1UdEwEB/wQCMAAwEwYDVR0lBAwwCgYIKwYB
BQUHAwEwDwYDVR0PAQH/BAUDAweAADAdBgNVHQ4EFgQUm+S0YAc8Me/osocfUaYG
4uYxpwkwHwYDVR0jBBgwFoAU8LSB/pgSv7UouWRAA8vMH2ZOKAMwCgYIKoZIzj0E
AwIDRwAwRAIgTqvgggIh57TVhSKXRie+XDhndnCUeNTE7qx2VO5CgfACIAwAOLnO
Yanr1sWQVKxSACU1wnNZ6UsuWSMr/uDlKJfZMIIC4DCCAoagAwIBAgIBBzAKBggq
hkjOPQQDAjB9MQswCQYDVQQGEwJCRTEPMA0GA1UEChMGR251VExTMSUwIwYDVQQL
ExxHbnVUTFMgY2VydGlmaWNhdGUgYXV0aG9yaXR5MQ8wDQYDVQQIEwZMZXV2ZW4x
JTAjBgNVBAMTHEdudVRMUyBjZXJ0aWZpY2F0ZSBhdXRob3JpdHkwIhgPMjAxMjA5
MDEwOTIyMzZaGA8yMDE5MTAwNTA5MjIzNlowgbgxCzAJBgNVBAYTAkdSMRIwEAYD
VQQKEwlLb2tvIGluYy4xFzAVBgNVBAsTDnNsZWVwaW5nIGRlcHQuMQ8wDQYDVQQI
EwZBdHRpa2kxFTATBgNVBAMTDENpbmR5IExhdXBlcjEXMBUGCgmSJomT8ixkAQET
B2NsYXVwZXIxDDAKBgNVBAwTA0RyLjEPMA0GA1UEQRMGamFja2FsMRwwGgYJKoZI
hvcNAQkBFg1ub25lQG5vbmUub3JnMFkwEwYHKoZIzj0CAQYIKoZIzj0DAQcDQgAE
PBVvHUg+ZFkTLG0EGjgNMFzkP1XL2RcVRnJxksH4xjM9BC7IwQ/AUAR7n8lItUD6
b5OCWWFeclfLgwa9zIKUwaOBtjCBszAMBgNVHRMBAf8EAjAAMD0GA1UdEQQ2MDSC
DHd3dy5ub25lLm9yZ4ITd3d3Lm1vcmV0aGFub25lLm9yZ4IJbG9jYWxob3N0hwTA
qAEBMBMGA1UdJQQMMAoGCCsGAQUFBwMBMA8GA1UdDwEB/wQFAwMHgAAwHQYDVR0O
BBYEFKz6R2fGG0F5Elf3rAXBUOKO0A5bMB8GA1UdIwQYMBaAFPC0gf6YEr+1KLlk
QAPLzB9mTigDMAoGCCqGSM49BAMCA0gAMEUCICgq4CTInkRQ1DaFoI8wmu2KP844
5NWRXKouag2WJSFzAiEAx4KxaoZJNVfBBSc4bA9XTz/2OnpgAZutUohNNb/tmREw
ggL+MIICo6ADAgECAgEHMAoGCCqGSM49BAMCMH0xCzAJBgNVBAYTAkJFMQ8wDQYD
VQQKEwZHbnVUTFMxJTAjBgNVBAsTHEdudVRMUyBjZXJ0aWZpY2F0ZSBhdXRob3Jp
dHkxDzANBgNVBAgTBkxldXZlbjElMCMGA1UEAxMcR251VExTIGNlcnRpZmljYXRl
IGF1dGhvcml0eTAiGA8yMDEyMDkwMTA5MjIzMVoYDzIwMTkxMDA1MDkyMjMxWjCB
uDELMAkGA1UEBhMCR1IxEjAQBgNVBAoTCUtva28gaW5jLjEXMBUGA1UECxMOc2xl
ZXBpbmcgZGVwdC4xDzANBgNVBAgTBkF0dGlraTEVMBMGA1UEAxMMQ2luZHkgTGF1
cGVyMRcwFQYKCZImiZPyLGQBARMHY2xhdXBlcjEMMAoGA1UEDBMDRHIuMQ8wDQYD
VQRBEwZqYWNrYWwxHDAaBgkqhkiG9w0BCQEWDW5vbmVAbm9uZS5vcmcwdjAQBgcq
hkjOPQIBBgUrgQQAIgNiAAQF0WntVb9rDAsepo5PqrOto7XZJhI+8he7/hHSgEDK
BqaAfX/Se5b9ko1Bh+aI+2cuJyQ+lUZpEG+hMTICrznwWa5MIUTYp+3T8Sf4OmTq
Z3rJ37sSqrO1y9jYbDjM83CjgbYwgbMwDAYDVR0TAQH/BAIwADA9BgNVHREENjA0
ggx3d3cubm9uZS5vcmeCE3d3dy5tb3JldGhhbm9uZS5vcmeCCWxvY2FsaG9zdIcE
wKgBATATBgNVHSUEDDAKBggrBgEFBQcDATAPBgNVHQ8BAf8EBQMDB4AAMB0GA1Ud
DgQWBBRHosKrcZuKKXhdGSBvqB1KyTBAhDAfBgNVHSMEGDAWgBTwtIH+mBK/tSi5
ZEADy8wfZk4oAzAKBggqhkjOPQQDAgNJADBGAiEAvgWY0KCdQSeR8kDKw4sClVNs
5hcfV2cnqPcUrExcz6MCIQC1xZZXvKq+KHPGm1R1YxyDWS5lqd/1Ue5aZQy5Rxw2
eTCCAyQwggLJoAMCAQICAQcwCgYIKoZIzj0EAwIwfTELMAkGA1UEBhMCQkUxDzAN
BgNVBAoTBkdudVRMUzElMCMGA1UECxMcR251VExTIGNlcnRpZmljYXRlIGF1dGhv
cml0eTEPMA0GA1UECBMGTGV1dmVuMSUwIwYDVQQDExxHbnVUTFMgY2VydGlmaWNh
dGUgYXV0aG9yaXR5MCIYDzIwMTIwOTAxMDkyMjI0WhgPMjAxOTEwMDUwOTIyMjRa
MIG4MQswCQYDVQQGEwJHUjESMBAGA1UEChMJS29rbyBpbmMuMRcwFQYDVQQLEw5z
bGVlcGluZyBkZXB0LjEPMA0GA1UECBMGQXR0aWtpMRUwEwYDVQQDEwxDaW5keSBM
YXVwZXIxFzAVBgoJkiaJk/IsZAEBEwdjbGF1cGVyMQwwCgYDVQQMEwNEci4xDzAN
BgNVBEETBmphY2thbDEcMBoGCSqGSIb3DQEJARYNbm9uZUBub25lLm9yZzCBmzAQ
BgcqhkjOPQIBBgUrgQQAIwOBhgAEAKGqQPWy0B0IiPFdpiM7PbKvNFUeBQQdEwTk
sRqgThNxUsxwHo0JCCnP9aVtL9MCr2qWDKv0a34TycT5I0z7c7VLAJFP//RNP2qB
FlQukan/lV98CIXu/kUvCV3QYfUjNPmfTAkVIjPCvajzLaTYAdpLO0+QRhR0jJTS
pri1tWoFj8uQo4G2MIGzMAwGA1UdEwEB/wQCMAAwPQYDVR0RBDYwNIIMd3d3Lm5v
bmUub3JnghN3d3cubW9yZXRoYW5vbmUub3Jngglsb2NhbGhvc3SHBMCoAQEwEwYD
VR0lBAwwCgYIKwYBBQUHAwEwDwYDVR0PAQH/BAUDAweAADAdBgNVHQ4EFgQU2oCj
FpGMqkyZP0UY4PvoKs+sV+swHwYDVR0jBBgwFoAU8LSB/pgSv7UouWRAA8vMH2ZO
KAMwCgYIKoZIzj0EAwIDSQAwRgIhAKI/2QffHBvxWgO1VVPkevk094nBfg3uta34
pkeN1TJVAiEAl4xvYEadMfv/LwkS9P569Gt9kkT67ilQ6mx5zYlnIbIwggOXMIIC
T6ADAgECAgRNp1QhMA0GCSqGSIb3DQEBCwUAMDIxCzAJBgNVBAYTAkJFMQ8wDQYD
VQQKEwZHbnVUTFMxEjAQBgNVBAMTCWxvY2FsaG9zdDAeFw0xMTA0MTQyMDA4MDJa
Fw0zODA4MjkyMDA4MDRaMDIxCzAJBgNVBAYTAkJFMQ8wDQYDVQQKEwZHbnVUTFMx
EjAQBgNVBAMTCWxvY2FsaG9zdDCCAVIwDQYJKoZIhvcNAQEBBQADggE/ADCCAToC
ggExAN3Pl9KlHZXdhhjYxLmtpgy0nbbc+twh4TpiNAfoM7Lol+4sQdIS8V/t5Hb/
ZSYeDMdBFWlfDfmtiRSN6tcWUppHwbsAAuSIRXN4pK7bOMPGB9JkDoftdIxrxMAC
UHxOptFY6eUTCanbWurrDwaAXAnvlMjp+zcudeGsk62bNxNLZjp2M9jE10z7YciS
IQf836mIVOSjqUfSbLjjOYkRiDgtotw+XkqppI7VH7LQ3UE82hBonkcbZQKixShz
AoMDCf31KX6X3CpOS6p5RkZwhhubuPaKvimHfV/apZdr78hDCUPiH4oWfh1QXfXa
Au7ywypI5msw6gLX76yLDLjBhdi/fIWoHoO+XCYueXtH9Uo/ZmKS/UEgtiwA8FLK
JgYtfM96UH0Py92XIMhv5OBQ9OMCAwEAAaNVMFMwDAYDVR0TAQH/BAIwADATBgNV
HSUEDDAKBggrBgEFBQcDATAPBgNVHQ8BAf8EBQMDB6AAMB0GA1UdDgQWBBSSU9Zx
ufhoqrNT9o31OUVmnKflMTANBgkqhkiG9w0BAQsFAAOCATEAmL9IicHm5hUTzPy6
7aCJ5YZFMHNosnkfiAKA+y3JuCFVjcW3VhvPw3bu0PDZIjpjksUEhnAeQjMqO8QU
CMVCknN8PjnA7jTHMxZfk67PH5owCVH+LZScKK0qfuQUgUVrDdcRIfzbJxd0tMyU
Gm6ee1ip4AaN2l9g4bhvKGi2WL7FrDZHN/aoOHQjgfMivmH/CAiH68KPKSV1XUzr
1Qkoq3uZ+WkIosYC0i7N+vEZzj9EaqFLqFbVEa5E42gFUFeNcg/HIduPo1B4XVo5
y5A9UkMzv+qJBxqSzIUnqD00uFtS7u8gubb/6sWQ00fFUZDi5j5SuR55GL794iS+
RzJasANrqtvD2/ZgRAi2LBlHovBDf/AHl1er7KC4aknOCObDTfKk6bhD5/CE1xpy
FF2CGjEA
-----END PKCS7-----
