Signers:
	Signer's issuer DN: EMAIL=GostR3410-2001@example.com,C=RU,O=CryptoPro,CN=GostR3410-2001 example
	Signer's serial: 2bf5c61ec211bd17c7dcd46266b42e21
	Signature Algorithm: GOSTR341001

-----BEGIN PKCS7-----
MIIBKAYJKoZIhvcNAQcCoIIBGTCCARUCAQExDDAKBgYqhQMCAgkFADAbBgkqhkiG
9w0BBwGgDgQMc2FtcGxlIHRleHQKMYHkMIHhAgEBMIGBMG0xHzAdBgNVBAMMFkdv
c3RSMzQxMC0yMDAxIGV4YW1wbGUxEjAQBgNVBAoMCUNyeXB0b1BybzELMAkGA1UE
BhMCUlUxKTAnBgkqhkiG9w0BCQEWGkdvc3RSMzQxMC0yMDAxQGV4YW1wbGUuY29t
AhAr9cYewhG9F8fc1GJmtC4hMAoGBiqFAwICCQUAMAoGBiqFAwICEwUABEDAw0LZ
P4/+JRERiHe/icPbg0IE1iD5aCqZ9v4wO+T0yPjVtNr74caRZzQfvKZ6DRJ7/RAl
xlHbjbL0jHF+7XKp
-----END PKCS7-----
