Signers:
	Signer's issuer DN: CN=GnuTLS Test CA
	Signer's serial: 00
	Signature Algorithm: RSA-SHA256
	Signed Attributes:
		1.2.840.113549.1.9.15: 306a300b060960864801650304012a300b0609608648016503040116300b0609608648016503040102300a06082a864886f70d0307300e06082a864886f70d030202020080300d06082a864886f70d0302020140300706052b0e030207300d06082a864886f70d0302020128
		1.2.840.113549.1.9.4: 0420aadc1955c030f723e9d89ed9d486b4eef5b0d1c6945be0dd6b7b340d42928ec9
		1.2.840.113549.1.9.5: 170d3135303533313036343633385a
		1.2.840.113549.1.9.3: 06092a864886f70d010701

Number of certificates: 1

-----BEGIN CERTIFICATE-----
MIIDUDCCAgigAwIBAgIBADANBgkqhkiG9w0BAQsFADAZMRcwFQYDVQQDEw5HbnVU
TFMgVGVzdCBDQTAeFw0xMTA1MjgwODM2MzBaFw0zODEwMTIwODM2MzNaMBkxFzAV
BgNVBAMTDkdudVRMUyBUZXN0IENBMIIBUjANBgkqhkiG9w0BAQEFAAOCAT8AMIIB
OgKCATEAnORCsX1unl//fy2d1054XduIg/3CqVBaT3Hca65SEoDwh0KiPtQoOgZL
dKY2cobGs/ojYtOjcs0KnlPYdmtjEh6WEhuJU95v4TQdC4OLMiE56eIGq252hZAb
HoTL84Q14DxQWGuzQK830iml7fbw2WcIcRQ8vFGs8SzfXw63+MI6Fq6iMAQIqP08
WzGmRRzL5wvCiPhCVkrPmwbXoABub6AAsYwWPJB91M9/lx5gFH5k9/iPfi3s2Kg3
F8MOcppqFYjxDSnsfiz6eMh1+bYVIAo367vGVYHigXMEZC2FezlwIHaZzpEoFlY3
a7LFJ00yrjQ910r8UE+CEMTYzE40D0olCMo7FA9RCjeO3bUIoYaIdVTUGWEGHWSe
oxGei9Gkm6u+ASj8f+i0jxdD2qXsewIDAQABo0MwQTAPBgNVHRMBAf8EBTADAQH/
MA8GA1UdDwEB/wQFAwMHBgAwHQYDVR0OBBYEFE1Wt2oAWPFnkvSmdVUbjlMBA+/P
MA0GCSqGSIb3DQEBCwUAA4IBMQAesOgjGFi1zOYpA/N3gkUVRcBHDxmN7g2yOcqH
VfhFc+e4zhOehR11WCt2RgzNlnYVmV5zBmQBdTAt8Po/MVhLCDW1BULHlLvL0DFc
4sB1RlcGeQcCKQa4b+Q9VWf4f6TfuEWZQC5j5stiXjVgOqrOMrzKZ2eKWA4JsL9s
V+7ANSZE+hOt1X1mA8moyqe95U2Ecih+nFJSWSBd1WFiEzVnXv4FVWPXbH9HERDK
VbasjofWWmQO1YlQPishLgm1IbwqOkOk4sDgoLuUZ4GgP0DDeN6EmRDOzByrv+9u
f45Bl9IQf4IJNPLU9lEqjyMOydqT6kBi7fjV5ICuQZ4EeVJsOGuX7PqNyoDzJHLv
ferRfNLr6eQSHSxBhS0cVyDjb5gCawK6u7xTU+b7xikEie9k
-----END CERTIFICATE-----

-----BEGIN PKCS7-----
MIIF8AYJKoZIhvcNAQcCoIIF4TCCBd0CAQExDzANBglghkgBZQMEAgEFADALBgkq
hkiG9w0BBwGgggNUMIIDUDCCAgigAwIBAgIBADANBgkqhkiG9w0BAQsFADAZMRcw
FQYDVQQDEw5HbnVUTFMgVGVzdCBDQTAeFw0xMTA1MjgwODM2MzBaFw0zODEwMTIw
ODM2MzNaMBkxFzAVBgNVBAMTDkdudVRMUyBUZXN0IENBMIIBUjANBgkqhkiG9w0B
AQEFAAOCAT8AMIIBOgKCATEAnORCsX1unl//fy2d1054XduIg/3CqVBaT3Hca65S
EoDwh0KiPtQoOgZLdKY2cobGs/ojYtOjcs0KnlPYdmtjEh6WEhuJU95v4TQdC4OL
MiE56eIGq252hZAbHoTL84Q14DxQWGuzQK830iml7fbw2WcIcRQ8vFGs8SzfXw63
+MI6Fq6iMAQIqP08WzGmRRzL5wvCiPhCVkrPmwbXoABub6AAsYwWPJB91M9/lx5g
FH5k9/iPfi3s2Kg3F8MOcppqFYjxDSnsfiz6eMh1+bYVIAo367vGVYHigXMEZC2F
ezlwIHaZzpEoFlY3a7LFJ00yrjQ910r8UE+CEMTYzE40D0olCMo7FA9RCjeO3bUI
oYaIdVTUGWEGHWSeoxGei9Gkm6u+ASj8f+i0jxdD2qXsewIDAQABo0MwQTAPBgNV
HRMBAf8EBTADAQH/MA8GA1UdDwEB/wQFAwMHBgAwHQYDVR0OBBYEFE1Wt2oAWPFn
kvSmdVUbjlMBA+/PMA0GCSqGSIb3DQEBCwUAA4IBMQAesOgjGFi1zOYpA/N3gkUV
RcBHDxmN7g2yOcqHVfhFc+e4zhOehR11WCt2RgzNlnYVmV5zBmQBdTAt8Po/MVhL
CDW1BULHlLvL0DFc4sB1RlcGeQcCKQa4b+Q9VWf4f6TfuEWZQC5j5stiXjVgOqrO
MrzKZ2eKWA4JsL9sV+7ANSZE+hOt1X1mA8moyqe95U2Ecih+nFJSWSBd1WFiEzVn
Xv4FVWPXbH9HERDKVbasjofWWmQO1YlQPishLgm1IbwqOkOk4sDgoLuUZ4GgP0DD
eN6EmRDOzByrv+9uf45Bl9IQf4IJNPLU9lEqjyMOydqT6kBi7fjV5ICuQZ4EeVJs
OGuX7PqNyoDzJHLvferRfNLr6eQSHSxBhS0cVyDjb5gCawK6u7xTU+b7xikEie9k
MYICYDCCAlwCAQEwHjAZMRcwFQYDVQQDEw5HbnVUTFMgVGVzdCBDQQIBADANBglg
hkgBZQMEAgEFAKCB5DAYBgkqhkiG9w0BCQMxCwYJKoZIhvcNAQcBMBwGCSqGSIb3
DQEJBTEPFw0xNTA1MzEwNjQ2MzhaMC8GCSqGSIb3DQEJBDEiBCCq3BlVwDD3I+nY
ntnUhrTu9bDRxpRb4N1rezQNQpKOyTB5BgkqhkiG9w0BCQ8xbDBqMAsGCWCGSAFl
AwQBKjALBglghkgBZQMEARYwCwYJYIZIAWUDBAECMAoGCCqGSIb3DQMHMA4GCCqG
SIb3DQMCAgIAgDANBggqhkiG9w0DAgIBQDAHBgUrDgMCBzANBggqhkiG9w0DAgIB
KDANBgkqhkiG9w0BAQEFAASCATBzs7o8JGEHYLfKM/7xek1kHKP5NP18IPdMX8S1
imBuFBRmP510UbZGzeM/TIQvGeBiFO+6HsrF6LrHSm3vFg/jFSQ6CxfBr5Jt+OsJ
5emH8cGFHMGjZcyr818fritwwhVYVCRbjaKTPdf/HPeckO/XNCE0vo3lmB9KbwOZ
oOHchBjgP36AYT3HZdOBjEApK1inpuc81Ix19lMJoXNX8ZnPFAmHsh4vg6nv1eVm
LQrKnw39MZ7pjooNAD4NUQyw8W+t5K8cIK+5KLlp6FgVML+83kmzryF3CJKgaTmV
vecMzuA1EDd740y6wFBv7bYoOcfmyRLcRDnqURmsTZyEOdqswfr02FjuR40H1ZoA
KtarkLh1zxAeR7fMnuqUKGUJS+SB2QyAEGOv2dZMhnDA48i0
-----END PKCS7-----
