eContent Type: 1.3.6.1.4.1.311.10.1
Signers:
	Signer's issuer DN: CN=WDKTestCert asn\,131206795480483453
	Signer's serial: 1656c8b2bf9bb3b24e6f3411cdcff0b5
	Signature Algorithm: RSA-SHA1
	Signed Attributes:
		1.2.840.113549.1.9.4: 041490608f08aab36bbeef8cb509bef6e60385058afa
		1.3.6.1.4.1.311.2.1.11: 300c060a2b060104018237020115
		1.2.840.113549.1.9.3: 06092b0601040182370a01
		1.3.6.1.4.1.311.2.1.12: 3000

Number of certificates: 1

-----BEGIN CERTIFICATE-----
MIIDCDCCAfCgAwIBAgIQFlbIsr+bs7JObzQRzc/wtTANBgkqhkiG9w0BAQUFADAt
MSswKQYDVQQDEyJXREtUZXN0Q2VydCBhc24sMTMxMjA2Nzk1NDgwNDgzNDUzMB4X
DTE2MTAxMTE3MTIyOFoXDTI2MTAxMTAwMDAwMFowLTErMCkGA1UEAxMiV0RLVGVz
dENlcnQgYXNuLDEzMTIwNjc5NTQ4MDQ4MzQ1MzCCASIwDQYJKoZIhvcNAQEBBQAD
ggEPADCCAQoCggEBAKQ+rj0b53bgPJ7C94HfznU2c5PqdD/bwEPZFW0RRt/f1Lki
CJu58jTuO07u4QgbivKuc8GN9Z2imjpCyTME6VKJyP68BRIa7exMBTYtmkVXshG6
i5cAsxSuayRsz8A6eL3CqVj7Kg+ZjigTlziG0LeZfDIijPdYkar8BBINRG2vIShd
z/zB09mWsTMuDkHSXYI6L0kH6ooQOahtcMF100L1nkB77dUzvr1DU3J2ztGJyLhv
nNFg5Y5+FFS2KNhxZNXOzJE32F9zs3VG8V6TLB220Lp9l1Nr/skEYFYh1A3uBuqR
s+Lq/2jedgxBZKiFAgHiVgYRuKULzApdtC/9fQ8CAwEAAaMkMCIwCwYDVR0PBAQD
AgQwMBMGA1UdJQQMMAoGCCsGAQUFBwMDMA0GCSqGSIb3DQEBBQUAA4IBAQBObe7e
ZV1GCRofMbuNdskRAZVMUE+FInfSnPxppsIkL4pyjFsI3aMMbX50Uf2c62w+QFVU
CGjOiUoMyxB98dIHjfRajMXGiVZLJ1HMfYqlpveG856D8/RV5YEPnupcfbwhD9W7
rclIY+5vMotKZA/J18H/HLM2j2NrY6jGvKO+/1uqQ1IyBiRzSLGScCDf6iU90sbP
TW/KsC34ygexaWi4AvQQG+961nVtrkEhrVjvQb3+/33IDpNkrtQhWU3/2aKhW7U0
PkMJfdm7lBZk5cqPYFZjx12Vn3mGiA8E3p9hSON1pixLIHvF5X7/k6RS028tgVpy
oLcQbBwOi/RXpsa8
-----END CERTIFICATE-----

-----BEGIN PKCS7-----
MIIHSwYJKoZIhvcNAQcCoIIHPDCCBzgCAQExCzAJBgUrDgMCGgUAMIICNwYJKwYB
BAGCNwoBoIICKDCCAiQwDAYKKwYBBAGCNwwBAQQQu/ZNvyszUkS6h2Pwl4hELRcN
MTYxMDExMTcxMzAyWjAOBgorBgEEAYI3DAECBQAwggGVMIIBkQRSRQA1ADIAMgAx
ADUANAAwAEQAQwA0AEIAOQA3ADQARgA1ADQARABCADQARQAzADkAMABCAEYARgA0
ADEAMwAyADMAOQA5AEMAOAAwADMANwAAADGCATkwQAYKKwYBBAGCNwwCATEyMDAe
CABGAGkAbABlAgQQAQABBB5zAGEAbQBiAGEAcAAxADAAMAAwAC4AaQBuAGYAAAAw
RQYKKwYBBAGCNwIBBDE3MDUwEAYKKwYBBAGCNwIBGaICgAAwITAJBgUrDgMCGgUA
BBTlIhVA3EuXT1TbTjkL/0EyOZyANzBKBgorBgEEAYI3DAIBMTwwOh4MAE8AUwBB
AHQAdAByAgQQAQABBCQyADoANgAuADAALAAyADoANgAuADEALAAyADoANgAuADQA
AAAwYgYKKwYBBAGCNwwCAjFUMFIeTAB7AEQARQAzADUAMQBBADQAMgAtADgARQA1
ADkALQAxADEARAAwAC0AOABDADQANwAtADAAMABDADAANABGAEMAMgA5ADUARQBF
AH0CAgIAoEowSDBGBgorBgEEAYI3DAIBBDgwNh4EAE8AUwIEEAEAAQQoVgBpAHMA
dABhAFgAOAA2ACwANwBYADgANgAsADEAMABYADgANgAAAKCCAwwwggMIMIIB8KAD
AgECAhAWVsiyv5uzsk5vNBHNz/C1MA0GCSqGSIb3DQEBBQUAMC0xKzApBgNVBAMT
IldES1Rlc3RDZXJ0IGFzbiwxMzEyMDY3OTU0ODA0ODM0NTMwHhcNMTYxMDExMTcx
MjI4WhcNMjYxMDExMDAwMDAwWjAtMSswKQYDVQQDEyJXREtUZXN0Q2VydCBhc24s
MTMxMjA2Nzk1NDgwNDgzNDUzMIIBIjANBgkqhkiG9w0BAQEFAAOCAQ8AMIIBCgKC
AQEApD6uPRvnduA8nsL3gd/OdTZzk+p0P9vAQ9kVbRFG39/UuSIIm7nyNO47Tu7h
CBuK8q5zwY31naKaOkLJMwTpUonI/rwFEhrt7EwFNi2aRVeyEbqLlwCzFK5rJGzP
wDp4vcKpWPsqD5mOKBOXOIbQt5l8MiKM91iRqvwEEg1Eba8hKF3P/MHT2ZaxMy4O
QdJdgjovSQfqihA5qG1wwXXTQvWeQHvt1TO+vUNTcnbO0YnIuG+c0WDljn4UVLYo
2HFk1c7MkTfYX3OzdUbxXpMsHbbQun2XU2v+yQRgViHUDe4G6pGz4ur/aN52DEFk
qIUCAeJWBhG4pQvMCl20L/19DwIDAQABoyQwIjALBgNVHQ8EBAMCBDAwEwYDVR0l
BAwwCgYIKwYBBQUHAwMwDQYJKoZIhvcNAQEFBQADggEBAE5t7t5lXUYJGh8xu412
yREBlUxQT4Uid9Kc/GmmwiQvinKMWwjdowxtfnRR/ZzrbD5AVVQIaM6JSgzLEH3x
0geN9FqMxcaJVksnUcx9iqWm94bznoPz9FXlgQ+e6lx9vCEP1butyUhj7m8yi0pk
D8nXwf8cszaPY2tjqMa8o77/W6pDUjIGJHNIsZJwIN/qJT3Sxs9Nb8qwLfjKB7Fp
aLgC9BAb73rWdW2uQSGtWO9Bvf7/fcgOk2Su1CFZTf/ZoqFbtTQ+Qwl92buUFmTl
yo9gVmPHXZWfeYaIDwTen2FI43WmLEsge8Xlfv+TpFLTby2BWnKgtxBsHA6L9Fem
xrwxggHZMIIB1QIBATBBMC0xKzApBgNVBAMTIldES1Rlc3RDZXJ0IGFzbiwxMzEy
MDY3OTU0ODA0ODM0NTMCEBZWyLK/m7OyTm80Ec3P8LUwCQYFKw4DAhoFAKBvMBAG
CisGAQQBgjcCAQwxAjAAMBgGCSqGSIb3DQEJAzELBgkrBgEEAYI3CgEwHAYKKwYB
BAGCNwIBCzEOMAwGCisGAQQBgjcCARUwIwYJKoZIhvcNAQkEMRYEFJBgjwiqs2u+
74y1Cb725gOFBYr6MA0GCSqGSIb3DQEBAQUABIIBAI4vlVYFKOLdIfs/7kx9ADl5
zaniHZMgjKiLAljglGCzkfO46IMdOP9/KfmTTTwWBtaP9s7fv9O0XGyOl2qH8Ufg
2d+0iS7CI8CqwF1Q8NLPYrSl2peKAPNibfIVbLR2+RUJ7zHxevdVou9Dt36A59mW
BZ78THyix0mVJ1ZivfzFwarChq5S4YI2fpbugTFftlr8YkRB78ki5J2sXICkcWtU
JRBZqhvsFlsghRWbUKyp20YyPNTgaGelumFj57OLGCVGAejxme/iF8EkmrUV8zs/
FKuAqJdZ8QPdLD5sKyOL8a19md0tYpCV2ThOWD8okm8PrSMfz4fWlIKpTOi/KE0=
-----END PKCS7-----
